[2025-12-11T14:41:25.714053+00:00] my_app.DEBUG: Це повідомлення для дебагу [] []
[2025-12-11T14:41:25.717405+00:00] my_app.INFO: Інформаційне повідомлення [] []
[2025-12-11T14:41:25.717496+00:00] my_app.NOTICE: Повідомлення про важливу подію [] []
[2025-12-11T14:41:25.717525+00:00] my_app.WARNING: Попередження [] []
[2025-12-11T14:41:25.717549+00:00] my_app.ERROR: Повідомлення про помилку [] []
[2025-12-11T14:41:25.717597+00:00] my_app.CRITICAL: Критична помилка [] []
[2025-12-11T14:41:25.717617+00:00] my_app.ALERT: Тривожне повідомлення [] []
[2025-12-11T14:41:25.717638+00:00] my_app.EMERGENCY: Надзвичайна ситуація [] []
[2025-12-11T14:41:25.717667+00:00] my_app.INFO: Користувач увійшов в систему {"user":{"id":123,"name":"John Doe"}} []
[2025-12-11T14:42:34.028112+00:00] my_app.DEBUG: Це повідомлення для дебагу [] []
[2025-12-11T14:42:34.031204+00:00] my_app.INFO: Інформаційне повідомлення [] []
[2025-12-11T14:42:34.031279+00:00] my_app.NOTICE: Повідомлення про важливу подію [] []
[2025-12-11T14:42:34.031299+00:00] my_app.WARNING: Попередження [] []
[2025-12-11T14:42:34.031315+00:00] my_app.ERROR: Повідомлення про помилку [] []
[2025-12-11T14:42:34.031329+00:00] my_app.CRITICAL: Критична помилка [] []
[2025-12-11T14:42:34.031343+00:00] my_app.ALERT: Тривожне повідомлення [] []
[2025-12-11T14:42:34.031357+00:00] my_app.EMERGENCY: Надзвичайна ситуація [] []
[2025-12-11T14:42:34.031375+00:00] my_app.INFO: Користувач увійшов в систему {"user":{"id":123,"name":"John Doe"}} []
[2025-12-11T14:46:15.437812+00:00] my_app.DEBUG: Це повідомлення для дебагу [] []
[2025-12-11T14:46:15.453050+00:00] my_app.INFO: Інформаційне повідомлення [] []
[2025-12-11T14:46:15.453149+00:00] my_app.NOTICE: Повідомлення про важливу подію [] []
[2025-12-11T14:46:15.453261+00:00] my_app.WARNING: Попередження [] []
[2025-12-11T14:46:15.453298+00:00] my_app.ERROR: Повідомлення про помилку [] []
[2025-12-11T14:46:15.453321+00:00] my_app.CRITICAL: Критична помилка [] []
[2025-12-11T14:46:15.453341+00:00] my_app.ALERT: Тривожне повідомлення [] []
[2025-12-11T14:46:15.453369+00:00] my_app.EMERGENCY: Надзвичайна ситуація [] []
[2025-12-11T14:46:15.453390+00:00] my_app.INFO: Користувач увійшов в систему {"user":{"id":123,"name":"John Doe"}} []
[2025-12-11T14:47:53.920573+00:00] my_app.DEBUG: Це повідомлення для дебагу [] []
[2025-12-11T14:47:53.921253+00:00] my_app.INFO: Інформаційне повідомлення [] []
[2025-12-11T14:47:53.921327+00:00] my_app.NOTICE: Повідомлення про важливу подію [] []
[2025-12-11T14:47:53.921358+00:00] my_app.WARNING: Попередження [] []
[2025-12-11T14:47:53.921382+00:00] my_app.ERROR: Повідомлення про помилку [] []
[2025-12-11T14:47:53.921404+00:00] my_app.CRITICAL: Критична помилка [] []
[2025-12-11T14:47:53.921425+00:00] my_app.ALERT: Тривожне повідомлення [] []
[2025-12-11T14:47:53.921445+00:00] my_app.EMERGENCY: Надзвичайна ситуація [] []
[2025-12-11T14:47:53.921465+00:00] my_app.INFO: Користувач увійшов в систему {"user":{"id":123,"name":"John Doe"}} []
[2025-12-11T14:56:14.964872+00:00] my_app.DEBUG: Це повідомлення для дебагу [] []
[2025-12-11T14:56:14.968603+00:00] my_app.INFO: Інформаційне повідомлення [] []
[2025-12-11T14:56:14.968684+00:00] my_app.NOTICE: Повідомлення про важливу подію [] []
[2025-12-11T14:56:14.968706+00:00] my_app.WARNING: Попередження [] []
[2025-12-11T14:56:14.968775+00:00] my_app.ERROR: Повідомлення про помилку [] []
[2025-12-11T14:56:14.968790+00:00] my_app.CRITICAL: Критична помилка [] []
[2025-12-11T14:56:14.968803+00:00] my_app.ALERT: Тривожне повідомлення [] []
[2025-12-11T14:56:14.968815+00:00] my_app.EMERGENCY: Надзвичайна ситуація [] []
[2025-12-11T14:56:14.968827+00:00] my_app.INFO: Користувач увійшов в систему {"user":{"id":123,"name":"John Doe"}} []
[2025-12-11T22:05:39.466981+00:00] my_app.DEBUG: Це повідомлення для дебагу [] []
[2025-12-11T22:05:39.474080+00:00] my_app.INFO: Інформаційне повідомлення [] []
[2025-12-11T22:05:39.474285+00:00] my_app.NOTICE: Повідомлення про важливу подію [] []
[2025-12-11T22:05:39.474385+00:00] my_app.WARNING: Попередження [] []
[2025-12-11T22:05:39.474531+00:00] my_app.ERROR: Повідомлення про помилку [] []
[2025-12-11T22:05:39.474594+00:00] my_app.CRITICAL: Критична помилка [] []
[2025-12-11T22:05:39.474640+00:00] my_app.ALERT: Тривожне повідомлення [] []
[2025-12-11T22:05:39.474751+00:00] my_app.EMERGENCY: Надзвичайна ситуація [] []
[2025-12-11T22:05:39.474783+00:00] my_app.INFO: Користувач увійшов в систему {"user":{"id":123,"name":"John Doe"}} []
[2025-12-11T22:05:47.885191+00:00] my_app.DEBUG: Це повідомлення для дебагу [] []
[2025-12-11T22:05:47.885457+00:00] my_app.INFO: Інформаційне повідомлення [] []
[2025-12-11T22:05:47.885509+00:00] my_app.NOTICE: Повідомлення про важливу подію [] []
[2025-12-11T22:05:47.885543+00:00] my_app.WARNING: Попередження [] []
[2025-12-11T22:05:47.885573+00:00] my_app.ERROR: Повідомлення про помилку [] []
[2025-12-11T22:05:47.885601+00:00] my_app.CRITICAL: Критична помилка [] []
[2025-12-11T22:05:47.885628+00:00] my_app.ALERT: Тривожне повідомлення [] []
[2025-12-11T22:05:47.885654+00:00] my_app.EMERGENCY: Надзвичайна ситуація [] []
[2025-12-11T22:05:47.885680+00:00] my_app.INFO: Користувач увійшов в систему {"user":{"id":123,"name":"John Doe"}} []
[2025-12-11T22:09:18.968198+00:00] my_app.DEBUG: Це повідомлення для дебагу [] []
[2025-12-11T22:09:18.968794+00:00] my_app.INFO: Інформаційне повідомлення [] []
[2025-12-11T22:09:18.968911+00:00] my_app.NOTICE: Повідомлення про важливу подію [] []
[2025-12-11T22:09:18.968960+00:00] my_app.WARNING: Попередження [] []
[2025-12-11T22:09:18.969224+00:00] my_app.ERROR: Повідомлення про помилку [] []
[2025-12-11T22:09:18.969304+00:00] my_app.CRITICAL: Критична помилка [] []
[2025-12-11T22:09:18.969342+00:00] my_app.ALERT: Тривожне повідомлення [] []
[2025-12-11T22:09:18.969527+00:00] my_app.EMERGENCY: Надзвичайна ситуація [] []
[2025-12-11T22:09:18.969591+00:00] my_app.INFO: Користувач увійшов в систему {"user":{"id":123,"name":"John Doe"}} []
[2025-12-11T22:10:18.484877+00:00] my_app.DEBUG: Це повідомлення для дебагу [] []
[2025-12-11T22:10:18.485139+00:00] my_app.INFO: Інформаційне повідомлення [] []
[2025-12-11T22:10:18.485189+00:00] my_app.NOTICE: Повідомлення про важливу подію [] []
[2025-12-11T22:10:18.485221+00:00] my_app.WARNING: Попередження [] []
[2025-12-11T22:10:18.485251+00:00] my_app.ERROR: Повідомлення про помилку [] []
[2025-12-11T22:10:18.485278+00:00] my_app.CRITICAL: Критична помилка [] []
[2025-12-11T22:10:18.485304+00:00] my_app.ALERT: Тривожне повідомлення [] []
[2025-12-11T22:10:18.485329+00:00] my_app.EMERGENCY: Надзвичайна ситуація [] []
[2025-12-11T22:10:18.485378+00:00] my_app.INFO: Користувач увійшов в систему {"user":{"id":123,"name":"John Doe"}} []
[2025-12-11T22:10:47.352221+00:00] my_app.DEBUG: Це повідомлення для дебагу [] []
[2025-12-11T22:10:47.352551+00:00] my_app.INFO: Інформаційне повідомлення [] []
[2025-12-11T22:10:47.352613+00:00] my_app.NOTICE: Повідомлення про важливу подію [] []
[2025-12-11T22:10:47.352652+00:00] my_app.WARNING: Попередження [] []
[2025-12-11T22:10:47.352691+00:00] my_app.ERROR: Повідомлення про помилку [] []
[2025-12-11T22:10:47.352757+00:00] my_app.CRITICAL: Критична помилка [] []
[2025-12-11T22:10:47.352783+00:00] my_app.ALERT: Тривожне повідомлення [] []
[2025-12-11T22:10:47.352809+00:00] my_app.EMERGENCY: Надзвичайна ситуація [] []
[2025-12-11T22:10:47.352834+00:00] my_app.INFO: Користувач увійшов в систему {"user":{"id":123,"name":"John Doe"}} []
[2025-12-11T22:11:41.392110+00:00] my_app.DEBUG: Це повідомлення для дебагу [] []
[2025-12-11T22:11:41.392445+00:00] my_app.INFO: Інформаційне повідомлення [] []
[2025-12-11T22:11:41.392496+00:00] my_app.NOTICE: Повідомлення про важливу подію [] []
[2025-12-11T22:11:41.392526+00:00] my_app.WARNING: Попередження [] []
[2025-12-11T22:11:41.392551+00:00] my_app.ERROR: Повідомлення про помилку [] []
[2025-12-11T22:11:41.392735+00:00] my_app.CRITICAL: Критична помилка [] []
[2025-12-11T22:11:41.392841+00:00] my_app.ALERT: Тривожне повідомлення [] []
[2025-12-11T22:11:41.392910+00:00] my_app.EMERGENCY: Надзвичайна ситуація [] []
[2025-12-11T22:11:41.392993+00:00] my_app.INFO: Користувач увійшов в систему {"user":{"id":123,"name":"John Doe"}} []
[2025-12-11T22:12:27.788684+00:00] my_app.DEBUG: Це повідомлення для дебагу [] []
[2025-12-11T22:12:27.788842+00:00] my_app.INFO: Інформаційне повідомлення [] []
[2025-12-11T22:12:27.788870+00:00] my_app.NOTICE: Повідомлення про важливу подію [] []
[2025-12-11T22:12:27.788888+00:00] my_app.WARNING: Попередження [] []
[2025-12-11T22:12:27.788917+00:00] my_app.ERROR: Повідомлення про помилку [] []
[2025-12-11T22:12:27.788932+00:00] my_app.CRITICAL: Критична помилка [] []
[2025-12-11T22:12:27.789012+00:00] my_app.ALERT: Тривожне повідомлення [] []
[2025-12-11T22:12:27.789054+00:00] my_app.EMERGENCY: Надзвичайна ситуація [] []
[2025-12-11T22:12:27.789076+00:00] my_app.INFO: Користувач увійшов в систему {"user":{"id":123,"name":"John Doe"}} []
[2025-12-11T22:12:54.199256+00:00] my_app.DEBUG: Це повідомлення для дебагу [] []
[2025-12-11T22:12:54.199683+00:00] my_app.INFO: Інформаційне повідомлення [] []
[2025-12-11T22:12:54.199747+00:00] my_app.NOTICE: Повідомлення про важливу подію [] []
[2025-12-11T22:12:54.199783+00:00] my_app.WARNING: Попередження [] []
[2025-12-11T22:12:54.199812+00:00] my_app.ERROR: Повідомлення про помилку [] []
[2025-12-11T22:12:54.199838+00:00] my_app.CRITICAL: Критична помилка [] []
[2025-12-11T22:12:54.199864+00:00] my_app.ALERT: Тривожне повідомлення [] []
[2025-12-11T22:12:54.199922+00:00] my_app.EMERGENCY: Надзвичайна ситуація [] []
[2025-12-11T22:12:54.200019+00:00] my_app.INFO: Користувач увійшов в систему {"user":{"id":123,"name":"John Doe"}} []
[2025-12-11T22:15:22.992066+00:00] my_app.DEBUG: Це повідомлення для дебагу [] []
[2025-12-11T22:15:22.992397+00:00] my_app.INFO: Інформаційне повідомлення [] []
[2025-12-11T22:15:22.992472+00:00] my_app.NOTICE: Повідомлення про важливу подію [] []
[2025-12-11T22:15:22.992504+00:00] my_app.WARNING: Попередження [] []
[2025-12-11T22:15:22.992531+00:00] my_app.ERROR: Повідомлення про помилку [] []
[2025-12-11T22:15:22.992554+00:00] my_app.CRITICAL: Критична помилка [] []
[2025-12-11T22:15:22.992576+00:00] my_app.ALERT: Тривожне повідомлення [] []
[2025-12-11T22:15:22.992597+00:00] my_app.EMERGENCY: Надзвичайна ситуація [] []
[2025-12-11T22:15:22.992619+00:00] my_app.INFO: Користувач увійшов в систему {"user":{"id":123,"name":"John Doe"}} []
[2025-12-11T22:15:56.288661+00:00] my_app.DEBUG: Це повідомлення для дебагу [] []
[2025-12-11T22:15:56.288936+00:00] my_app.INFO: Інформаційне повідомлення [] []
[2025-12-11T22:15:56.288989+00:00] my_app.NOTICE: Повідомлення про важливу подію [] []
[2025-12-11T22:15:56.289022+00:00] my_app.WARNING: Попередження [] []
[2025-12-11T22:15:56.289053+00:00] my_app.ERROR: Повідомлення про помилку [] []
[2025-12-11T22:15:56.289081+00:00] my_app.CRITICAL: Критична помилка [] []
[2025-12-11T22:15:56.289108+00:00] my_app.ALERT: Тривожне повідомлення [] []
[2025-12-11T22:15:56.289135+00:00] my_app.EMERGENCY: Надзвичайна ситуація [] []
[2025-12-11T22:15:56.289161+00:00] my_app.INFO: Користувач увійшов в систему {"user":{"id":123,"name":"John Doe"}} []
[2025-12-11T22:16:21.281754+00:00] my_app.DEBUG: Це повідомлення для дебагу [] []
[2025-12-11T22:16:21.282010+00:00] my_app.INFO: Інформаційне повідомлення [] []
[2025-12-11T22:16:21.282061+00:00] my_app.NOTICE: Повідомлення про важливу подію [] []
[2025-12-11T22:16:21.282093+00:00] my_app.WARNING: Попередження [] []
[2025-12-11T22:16:21.282122+00:00] my_app.ERROR: Повідомлення про помилку [] []
[2025-12-11T22:16:21.282148+00:00] my_app.CRITICAL: Критична помилка [] []
[2025-12-11T22:16:21.282174+00:00] my_app.ALERT: Тривожне повідомлення [] []
[2025-12-11T22:16:21.282199+00:00] my_app.EMERGENCY: Надзвичайна ситуація [] []
[2025-12-11T22:16:21.282224+00:00] my_app.INFO: Користувач увійшов в систему {"user":{"id":123,"name":"John Doe"}} []
[2025-12-11T22:16:32.813202+00:00] my_app.DEBUG: Це повідомлення для дебагу [] []
[2025-12-11T22:16:32.813516+00:00] my_app.INFO: Інформаційне повідомлення [] []
[2025-12-11T22:16:32.813552+00:00] my_app.NOTICE: Повідомлення про важливу подію [] []
[2025-12-11T22:16:32.813591+00:00] my_app.WARNING: Попередження [] []
[2025-12-11T22:16:32.813647+00:00] my_app.ERROR: Повідомлення про помилку [] []
[2025-12-11T22:16:32.813747+00:00] my_app.CRITICAL: Критична помилка [] []
[2025-12-11T22:16:32.813777+00:00] my_app.ALERT: Тривожне повідомлення [] []
[2025-12-11T22:16:32.813796+00:00] my_app.EMERGENCY: Надзвичайна ситуація [] []
[2025-12-11T22:16:32.813815+00:00] my_app.INFO: Користувач увійшов в систему {"user":{"id":123,"name":"John Doe"}} []
[2025-12-11T22:18:20.881518+00:00] my_app.DEBUG: Це повідомлення для дебагу [] []
[2025-12-11T22:18:20.881912+00:00] my_app.INFO: Інформаційне повідомлення [] []
[2025-12-11T22:18:20.881993+00:00] my_app.NOTICE: Повідомлення про важливу подію [] []
[2025-12-11T22:18:20.882049+00:00] my_app.WARNING: Попередження [] []
[2025-12-11T22:18:20.882103+00:00] my_app.ERROR: Повідомлення про помилку [] []
[2025-12-11T22:18:20.882214+00:00] my_app.CRITICAL: Критична помилка [] []
[2025-12-11T22:18:20.882268+00:00] my_app.ALERT: Тривожне повідомлення [] []
[2025-12-11T22:18:20.882309+00:00] my_app.EMERGENCY: Надзвичайна ситуація [] []
[2025-12-11T22:18:20.882347+00:00] my_app.INFO: Користувач увійшов в систему {"user":{"id":123,"name":"John Doe"}} []
[2025-12-11T22:18:43.443931+00:00] my_app.DEBUG: Це повідомлення для дебагу [] []
[2025-12-11T22:18:43.444258+00:00] my_app.INFO: Інформаційне повідомлення [] []
[2025-12-11T22:18:43.444309+00:00] my_app.NOTICE: Повідомлення про важливу подію [] []
[2025-12-11T22:18:43.444341+00:00] my_app.WARNING: Попередження [] []
[2025-12-11T22:18:43.444371+00:00] my_app.ERROR: Повідомлення про помилку [] []
[2025-12-11T22:18:43.444398+00:00] my_app.CRITICAL: Критична помилка [] []
[2025-12-11T22:18:43.444423+00:00] my_app.ALERT: Тривожне повідомлення [] []
[2025-12-11T22:18:43.444450+00:00] my_app.EMERGENCY: Надзвичайна ситуація [] []
[2025-12-11T22:18:43.444475+00:00] my_app.INFO: Користувач увійшов в систему {"user":{"id":123,"name":"John Doe"}} []
[2025-12-11T22:18:44.521614+00:00] my_app.DEBUG: Це повідомлення для дебагу [] []
[2025-12-11T22:18:44.521765+00:00] my_app.INFO: Інформаційне повідомлення [] []
[2025-12-11T22:18:44.521792+00:00] my_app.NOTICE: Повідомлення про важливу подію [] []
[2025-12-11T22:18:44.521810+00:00] my_app.WARNING: Попередження [] []
[2025-12-11T22:18:44.521826+00:00] my_app.ERROR: Повідомлення про помилку [] []
[2025-12-11T22:18:44.521841+00:00] my_app.CRITICAL: Критична помилка [] []
[2025-12-11T22:18:44.521855+00:00] my_app.ALERT: Тривожне повідомлення [] []
[2025-12-11T22:18:44.521869+00:00] my_app.EMERGENCY: Надзвичайна ситуація [] []
[2025-12-11T22:18:44.521883+00:00] my_app.INFO: Користувач увійшов в систему {"user":{"id":123,"name":"John Doe"}} []
[2025-12-11T22:20:04.592961+00:00] my_app.DEBUG: Це повідомлення для дебагу [] []
[2025-12-11T22:20:04.593155+00:00] my_app.INFO: Інформаційне повідомлення [] []
[2025-12-11T22:20:04.593186+00:00] my_app.NOTICE: Повідомлення про важливу подію [] []
[2025-12-11T22:20:04.593205+00:00] my_app.WARNING: Попередження [] []
[2025-12-11T22:20:04.593222+00:00] my_app.ERROR: Повідомлення про помилку [] []
[2025-12-11T22:20:04.593237+00:00] my_app.CRITICAL: Критична помилка [] []
[2025-12-11T22:20:04.593251+00:00] my_app.ALERT: Тривожне повідомлення [] []
[2025-12-11T22:20:04.593266+00:00] my_app.EMERGENCY: Надзвичайна ситуація [] []
[2025-12-11T22:20:04.593280+00:00] my_app.INFO: Користувач увійшов в систему {"user":{"id":123,"name":"John Doe"}} []
[2025-12-11T22:20:05.744714+00:00] my_app.DEBUG: Це повідомлення для дебагу [] []
[2025-12-11T22:20:05.744945+00:00] my_app.INFO: Інформаційне повідомлення [] []
[2025-12-11T22:20:05.745023+00:00] my_app.NOTICE: Повідомлення про важливу подію [] []
[2025-12-11T22:20:05.745134+00:00] my_app.WARNING: Попередження [] []
[2025-12-11T22:20:05.745182+00:00] my_app.ERROR: Повідомлення про помилку [] []
[2025-12-11T22:20:05.745209+00:00] my_app.CRITICAL: Критична помилка [] []
[2025-12-11T22:20:05.745232+00:00] my_app.ALERT: Тривожне повідомлення [] []
[2025-12-11T22:20:05.745254+00:00] my_app.EMERGENCY: Надзвичайна ситуація [] []
[2025-12-11T22:20:05.745276+00:00] my_app.INFO: Користувач увійшов в систему {"user":{"id":123,"name":"John Doe"}} []
[2025-12-11T22:20:06.427799+00:00] my_app.DEBUG: Це повідомлення для дебагу [] []
[2025-12-11T22:20:06.428146+00:00] my_app.INFO: Інформаційне повідомлення [] []
[2025-12-11T22:20:06.428209+00:00] my_app.NOTICE: Повідомлення про важливу подію [] []
[2025-12-11T22:20:06.428243+00:00] my_app.WARNING: Попередження [] []
[2025-12-11T22:20:06.428273+00:00] my_app.ERROR: Повідомлення про помилку [] []
[2025-12-11T22:20:06.428303+00:00] my_app.CRITICAL: Критична помилка [] []
[2025-12-11T22:20:06.428383+00:00] my_app.ALERT: Тривожне повідомлення [] []
[2025-12-11T22:20:06.428481+00:00] my_app.EMERGENCY: Надзвичайна ситуація [] []
[2025-12-11T22:20:06.428522+00:00] my_app.INFO: Користувач увійшов в систему {"user":{"id":123,"name":"John Doe"}} []
[2025-12-11T22:20:13.276686+00:00] my_app.DEBUG: Це повідомлення для дебагу [] []
[2025-12-11T22:20:13.277058+00:00] my_app.INFO: Інформаційне повідомлення [] []
[2025-12-11T22:20:13.277109+00:00] my_app.NOTICE: Повідомлення про важливу подію [] []
[2025-12-11T22:20:13.277216+00:00] my_app.WARNING: Попередження [] []
[2025-12-11T22:20:13.277291+00:00] my_app.ERROR: Повідомлення про помилку [] []
[2025-12-11T22:20:13.277346+00:00] my_app.CRITICAL: Критична помилка [] []
[2025-12-11T22:20:13.277394+00:00] my_app.ALERT: Тривожне повідомлення [] []
[2025-12-11T22:20:13.277440+00:00] my_app.EMERGENCY: Надзвичайна ситуація [] []
[2025-12-11T22:20:13.277507+00:00] my_app.INFO: Користувач увійшов в систему {"user":{"id":123,"name":"John Doe"}} []
[2025-12-11T22:20:13.681506+00:00] my_app.DEBUG: Це повідомлення для дебагу [] []
[2025-12-11T22:20:13.681725+00:00] my_app.INFO: Інформаційне повідомлення [] []
[2025-12-11T22:20:13.681775+00:00] my_app.NOTICE: Повідомлення про важливу подію [] []
[2025-12-11T22:20:13.681807+00:00] my_app.WARNING: Попередження [] []
[2025-12-11T22:20:13.681835+00:00] my_app.ERROR: Повідомлення про помилку [] []
[2025-12-11T22:20:13.681862+00:00] my_app.CRITICAL: Критична помилка [] []
[2025-12-11T22:20:13.681888+00:00] my_app.ALERT: Тривожне повідомлення [] []
[2025-12-11T22:20:13.681914+00:00] my_app.EMERGENCY: Надзвичайна ситуація [] []
[2025-12-11T22:20:13.681939+00:00] my_app.INFO: Користувач увійшов в систему {"user":{"id":123,"name":"John Doe"}} []
[2025-12-11T22:20:13.929457+00:00] my_app.DEBUG: Це повідомлення для дебагу [] []
[2025-12-11T22:20:13.929864+00:00] my_app.INFO: Інформаційне повідомлення [] []
[2025-12-11T22:20:13.929964+00:00] my_app.NOTICE: Повідомлення про важливу подію [] []
[2025-12-11T22:20:13.930011+00:00] my_app.WARNING: Попередження [] []
[2025-12-11T22:20:13.930048+00:00] my_app.ERROR: Повідомлення про помилку [] []
[2025-12-11T22:20:13.930081+00:00] my_app.CRITICAL: Критична помилка [] []
[2025-12-11T22:20:13.930112+00:00] my_app.ALERT: Тривожне повідомлення [] []
[2025-12-11T22:20:13.930142+00:00] my_app.EMERGENCY: Надзвичайна ситуація [] []
[2025-12-11T22:20:13.930216+00:00] my_app.INFO: Користувач увійшов в систему {"user":{"id":123,"name":"John Doe"}} []
[2025-12-11T22:20:30.358780+00:00] my_app.DEBUG: Це повідомлення для дебагу [] []
[2025-12-11T22:20:30.359069+00:00] my_app.INFO: Інформаційне повідомлення [] []
[2025-12-11T22:20:30.359122+00:00] my_app.NOTICE: Повідомлення про важливу подію [] []
[2025-12-11T22:20:30.359193+00:00] my_app.WARNING: Попередження [] []
[2025-12-11T22:20:30.359224+00:00] my_app.ERROR: Повідомлення про помилку [] []
[2025-12-11T22:20:30.359248+00:00] my_app.CRITICAL: Критична помилка [] []
[2025-12-11T22:20:30.359271+00:00] my_app.ALERT: Тривожне повідомлення [] []
[2025-12-11T22:20:30.359294+00:00] my_app.EMERGENCY: Надзвичайна ситуація [] []
[2025-12-11T22:20:30.359315+00:00] my_app.INFO: Користувач увійшов в систему {"user":{"id":123,"name":"John Doe"}} []
[2025-12-11T22:22:45.087425+00:00] my_app.DEBUG: Це повідомлення для дебагу [] []
[2025-12-11T22:22:45.087731+00:00] my_app.INFO: Інформаційне повідомлення [] []
[2025-12-11T22:22:45.087878+00:00] my_app.NOTICE: Повідомлення про важливу подію [] []
[2025-12-11T22:22:45.087954+00:00] my_app.WARNING: Попередження [] []
[2025-12-11T22:22:45.087994+00:00] my_app.ERROR: Повідомлення про помилку [] []
[2025-12-11T22:22:45.088025+00:00] my_app.CRITICAL: Критична помилка [] []
[2025-12-11T22:22:45.088054+00:00] my_app.ALERT: Тривожне повідомлення [] []
[2025-12-11T22:22:45.088121+00:00] my_app.EMERGENCY: Надзвичайна ситуація [] []
[2025-12-11T22:22:45.088313+00:00] my_app.INFO: Користувач увійшов в систему {"user":{"id":123,"name":"John Doe"}} []
[2025-12-12T06:13:51.831018+00:00] my_app.DEBUG: Це повідомлення для дебагу [] []
[2025-12-12T06:13:51.835587+00:00] my_app.INFO: Інформаційне повідомлення [] []
[2025-12-12T06:13:51.835644+00:00] my_app.NOTICE: Повідомлення про важливу подію [] []
[2025-12-12T06:13:51.835665+00:00] my_app.WARNING: Попередження [] []
[2025-12-12T06:13:51.835681+00:00] my_app.ERROR: Повідомлення про помилку [] []
[2025-12-12T06:13:51.835696+00:00] my_app.CRITICAL: Критична помилка [] []
[2025-12-12T06:13:51.835710+00:00] my_app.ALERT: Тривожне повідомлення [] []
[2025-12-12T06:13:51.835725+00:00] my_app.EMERGENCY: Надзвичайна ситуація [] []
[2025-12-12T06:13:51.835739+00:00] my_app.INFO: Користувач увійшов в систему {"user":{"id":123,"name":"John Doe"}} []
[2025-12-12T06:15:24.999619+00:00] my_app.DEBUG: Це повідомлення для дебагу [] []
[2025-12-12T06:15:25.002153+00:00] my_app.INFO: Інформаційне повідомлення [] []
[2025-12-12T06:15:25.002185+00:00] my_app.NOTICE: Повідомлення про важливу подію [] []
[2025-12-12T06:15:25.002204+00:00] my_app.WARNING: Попередження [] []
[2025-12-12T06:15:25.002220+00:00] my_app.ERROR: Повідомлення про помилку [] []
[2025-12-12T06:15:25.002237+00:00] my_app.CRITICAL: Критична помилка [] []
[2025-12-12T06:15:25.002253+00:00] my_app.ALERT: Тривожне повідомлення [] []
[2025-12-12T06:15:25.002268+00:00] my_app.EMERGENCY: Надзвичайна ситуація [] []
[2025-12-12T06:15:25.002282+00:00] my_app.INFO: Користувач увійшов в систему {"user":{"id":123,"name":"John Doe"}} []
[2025-12-12T09:50:48.287071+00:00] my_app.DEBUG: Це повідомлення для дебагу [] []
[2025-12-12T09:50:48.292608+00:00] my_app.INFO: Інформаційне повідомлення [] []
[2025-12-12T09:50:48.292651+00:00] my_app.NOTICE: Повідомлення про важливу подію [] []
[2025-12-12T09:50:48.292672+00:00] my_app.WARNING: Попередження [] []
[2025-12-12T09:50:48.292688+00:00] my_app.ERROR: Повідомлення про помилку [] []
[2025-12-12T09:50:48.292702+00:00] my_app.CRITICAL: Критична помилка [] []
[2025-12-12T09:50:48.292729+00:00] my_app.ALERT: Тривожне повідомлення [] []
[2025-12-12T09:50:48.292743+00:00] my_app.EMERGENCY: Надзвичайна ситуація [] []
[2025-12-12T09:50:48.292754+00:00] my_app.INFO: Користувач увійшов в систему {"user":{"id":123,"name":"John Doe"}} []
[2025-12-12T09:50:59.917603+00:00] my_app.DEBUG: Це повідомлення для дебагу [] []
[2025-12-12T09:50:59.917965+00:00] my_app.INFO: Інформаційне повідомлення [] []
[2025-12-12T09:50:59.918021+00:00] my_app.NOTICE: Повідомлення про важливу подію [] []
[2025-12-12T09:50:59.918055+00:00] my_app.WARNING: Попередження [] []
[2025-12-12T09:50:59.918086+00:00] my_app.ERROR: Повідомлення про помилку [] []
[2025-12-12T09:50:59.918113+00:00] my_app.CRITICAL: Критична помилка [] []
[2025-12-12T09:50:59.918139+00:00] my_app.ALERT: Тривожне повідомлення [] []
[2025-12-12T09:50:59.918170+00:00] my_app.EMERGENCY: Надзвичайна ситуація [] []
[2025-12-12T09:50:59.918196+00:00] my_app.INFO: Користувач увійшов в систему {"user":{"id":123,"name":"John Doe"}} []
[2025-12-12T11:26:57.181352+00:00] my_app.DEBUG: Це повідомлення для дебагу [] []
[2025-12-12T11:26:57.185931+00:00] my_app.INFO: Інформаційне повідомлення [] []
[2025-12-12T11:26:57.186003+00:00] my_app.NOTICE: Повідомлення про важливу подію [] []
[2025-12-12T11:26:57.186023+00:00] my_app.WARNING: Попередження [] []
[2025-12-12T11:26:57.186038+00:00] my_app.ERROR: Повідомлення про помилку [] []
[2025-12-12T11:26:57.186052+00:00] my_app.CRITICAL: Критична помилка [] []
[2025-12-12T11:26:57.186066+00:00] my_app.ALERT: Тривожне повідомлення [] []
[2025-12-12T11:26:57.186079+00:00] my_app.EMERGENCY: Надзвичайна ситуація [] []
[2025-12-12T11:26:57.186093+00:00] my_app.INFO: Користувач увійшов в систему {"user":{"id":123,"name":"John Doe"}} []
